// Jest Snapshot v1, https://goo.gl/fbAQLP

exports[`Testing <Modal/> component Modal have rendered correctly 1`] = `ShallowWrapper {}`;
