// Jest Snapshot v1, https://goo.gl/fbAQLP

exports[`Testing <WithFoodifyApi/> component WithFoodifyApi have rendered correctly 1`] = `ShallowWrapper {}`;
