// Jest Snapshot v1, https://goo.gl/fbAQLP

exports[`Testing <AppHeader/> AppHeader have rendered correctly 1`] = `ShallowWrapper {}`;
