// Jest Snapshot v1, https://goo.gl/fbAQLP

exports[`Testing <RundomList/> RundomList have rendered correctly 1`] = `ShallowWrapper {}`;
