// Jest Snapshot v1, https://goo.gl/fbAQLP

exports[`Testing <FavouritesPage/> component FavouritesPage have rendered correctly 1`] = `ShallowWrapper {}`;
