// Jest Snapshot v1, https://goo.gl/fbAQLP

exports[`Testing <MainPage/> component MainPage have rendered correctly 1`] = `ShallowWrapper {}`;
