// Jest Snapshot v1, https://goo.gl/fbAQLP

exports[`Testing <Spinner/> component Spinner have rendered correctly 1`] = `ShallowWrapper {}`;
