// Jest Snapshot v1, https://goo.gl/fbAQLP

exports[`Testing <Error/> component Error have rendered correctly 1`] = `ShallowWrapper {}`;
