// Jest Snapshot v1, https://goo.gl/fbAQLP

exports[`all props Testing <FavouriteListItem/> FavouriteListItem have rendered correctly 1`] = `ShallowWrapper {}`;
