// Jest Snapshot v1, https://goo.gl/fbAQLP

exports[`Testing <App/> component App have rendered correctly 1`] = `ShallowWrapper {}`;
