// Jest Snapshot v1, https://goo.gl/fbAQLP

exports[`all props Testing <RundomListItem/> RundomListItem have rendered correctly 1`] = `ShallowWrapper {}`;
